[[32mINFO[0m] Trimmed input: 1634x416x768 → 101x192x352
[[32mINFO[0m] Input: inputs/example4.mp4  |  352x192  |  frames: 101  |  spatial tiles/frame: 1  |  tile size: 352x192
[[32mINFO[0m] Combinations: 1  |  warmup: 0  |  measured: 1
[[32mINFO[0m] === flash/block_sparse/none ===
[[32mINFO[0m] Model directory found: models/FlashVSR-v1.1
[[32mINFO[0m] Attention mode: flash | Mask attention mode: block_sparse
[[32mINFO[0m] Loading DiT weights...
[[32mINFO[0m] Building TCDecoder...
[[32mINFO[0m] Loading LQ projection...
[[32mINFO[0m] Initializing cross-attention KV cache...
[[32mINFO[0m] Pipeline ready.
[[32mINFO[0m] Init 6.58s  |  VRAM after init 3612 MB
[[32mINFO[0m] Processing entire video as one chunk
Warning: Sage2++ NOT enabled
DiT:   0%|          | 0/11 [00:00<?, ?it/s]                                           Traceback (most recent call last):
  File "<frozen runpy>", line 198, in _run_module_as_main
  File "<frozen runpy>", line 88, in _run_code
  File "/home/daniel/FlashVSR/benchmarks/performance/runner.py", line 449, in <module>
    main()
  File "/home/daniel/FlashVSR/benchmarks/performance/runner.py", line 430, in main
    results = benchmark(
              ^^^^^^^^^^
  File "/home/daniel/FlashVSR/benchmarks/performance/runner.py", line 288, in benchmark
    _run_inference(pipe, frames, combo, proc_config, spatial_config, temporal_config)
  File "/home/daniel/FlashVSR/benchmarks/performance/runner.py", line 174, in _run_inference
    flashvsr(
  File "/home/daniel/FlashVSR/src/processing/video.py", line 286, in flashvsr
    final_output = process_single_temporal_chunk(
                   ^^^^^^^^^^^^^^^^^^^^^^^^^^^^^^
  File "/home/daniel/FlashVSR/src/processing/video.py", line 122, in process_single_temporal_chunk
    video = pipe(
            ^^^^^
  File "/home/daniel/FlashVSR/.venv/lib/python3.11/site-packages/torch/utils/_contextlib.py", line 124, in decorate_context
    return func(*args, **kwargs)
           ^^^^^^^^^^^^^^^^^^^^^
  File "/home/daniel/FlashVSR/src/pipelines/flashvsr_tiny.py", line 466, in __call__
    noise_pred_posi, pre_cache_k, pre_cache_v = model_fn_wan_video(
                                                ^^^^^^^^^^^^^^^^^^^
  File "/home/daniel/FlashVSR/src/pipelines/flashvsr_tiny.py", line 630, in model_fn_wan_video
    x, last_pre_cache_k, last_pre_cache_v = block(
                                            ^^^^^^
  File "/home/daniel/FlashVSR/.venv/lib/python3.11/site-packages/torch/nn/modules/module.py", line 1776, in _wrapped_call_impl
    return self._call_impl(*args, **kwargs)
           ^^^^^^^^^^^^^^^^^^^^^^^^^^^^^^^^
  File "/home/daniel/FlashVSR/.venv/lib/python3.11/site-packages/torch/nn/modules/module.py", line 1787, in _call_impl
    return forward_call(*args, **kwargs)
           ^^^^^^^^^^^^^^^^^^^^^^^^^^^^^
  File "/home/daniel/FlashVSR/src/models/wan_video_dit.py", line 712, in forward
    x = self.gate(x, gate_mlp, self.ffn(input_x))
                               ^^^^^^^^^^^^^^^^^
  File "/home/daniel/FlashVSR/.venv/lib/python3.11/site-packages/torch/nn/modules/module.py", line 1776, in _wrapped_call_impl
    return self._call_impl(*args, **kwargs)
           ^^^^^^^^^^^^^^^^^^^^^^^^^^^^^^^^
  File "/home/daniel/FlashVSR/.venv/lib/python3.11/site-packages/torch/nn/modules/module.py", line 1787, in _call_impl
    return forward_call(*args, **kwargs)
           ^^^^^^^^^^^^^^^^^^^^^^^^^^^^^
  File "/home/daniel/FlashVSR/.venv/lib/python3.11/site-packages/torch/nn/modules/container.py", line 253, in forward
    input = module(input)
            ^^^^^^^^^^^^^
  File "/home/daniel/FlashVSR/.venv/lib/python3.11/site-packages/torch/nn/modules/module.py", line 1776, in _wrapped_call_impl
    return self._call_impl(*args, **kwargs)
           ^^^^^^^^^^^^^^^^^^^^^^^^^^^^^^^^
  File "/home/daniel/FlashVSR/.venv/lib/python3.11/site-packages/torch/nn/modules/module.py", line 1787, in _call_impl
    return forward_call(*args, **kwargs)
           ^^^^^^^^^^^^^^^^^^^^^^^^^^^^^
  File "/home/daniel/FlashVSR/.venv/lib/python3.11/site-packages/torch/nn/modules/activation.py", line 815, in forward
    return F.gelu(input, approximate=self.approximate)
           ^^^^^^^^^^^^^^^^^^^^^^^^^^^^^^^^^^^^^^^^^^^
torch.OutOfMemoryError: CUDA out of memory. Tried to allocate 434.00 MiB. GPU 0 has a total capacity of 9.64 GiB of which 118.81 MiB is free. Including non-PyTorch memory, this process has 8.98 GiB memory in use. Of the allocated memory 7.35 GiB is allocated by PyTorch, and 1.36 GiB is reserved by PyTorch but unallocated. If reserved but unallocated memory is large try setting PYTORCH_ALLOC_CONF=expandable_segments:True to avoid fragmentation.  See documentation for Memory Management  (https://pytorch.org/docs/stable/notes/cuda.html#environment-variables)
